

================================================================
== Vivado HLS Report for 'add_watermark'
================================================================
* Date:           Fri Jul 20 11:48:15 2018

* Version:        2017.4 (Build 2086221 on Fri Dec 15 21:13:33 MST 2017)
* Project:        dct_hls
* Solution:       solution3
* Product family: virtexuplus
* Target device:  xcvu9p-flga2104-2-i


================================================================
== Performance Estimates
================================================================
+ Timing (ns): 
    * Summary: 
    +--------+-------+----------+------------+
    |  Clock | Target| Estimated| Uncertainty|
    +--------+-------+----------+------------+
    |ap_clk  |  10.00|      6.46|        1.25|
    +--------+-------+----------+------------+

+ Latency (clock cycles): 
    * Summary: 
    +-----+-----+-----+-----+---------+
    |  Latency  |  Interval | Pipeline|
    | min | max | min | max |   Type  |
    +-----+-----+-----+-----+---------+
    |  123|  123|  123|  123|   none  |
    +-----+-----+-----+-----+---------+

    + Detail: 
        * Instance: 
        +-------------------------+--------------+-----+-----+-----+-----+---------+
        |                         |              |  Latency  |  Interval | Pipeline|
        |         Instance        |    Module    | min | max | min | max |   Type  |
        +-------------------------+--------------+-----+-----+-----+-----+---------+
        |grp_integer_idct_fu_165  |integer_idct  |    7|    7|    7|    7|   none  |
        |grp_quantificat_fu_186   |quantificat   |   10|   10|   10|   10|   none  |
        |grp_dct_step_fu_191      |dct_step      |    9|    9|    9|    9|   none  |
        +-------------------------+--------------+-----+-----+-----+-----+---------+

        * Loop: 
        +----------------+-----+-----+----------+-----------+-----------+------+----------+
        |                |  Latency  | Iteration|  Initiation Interval  | Trip |          |
        |    Loop Name   | min | max |  Latency |  achieved |   target  | Count| Pipelined|
        +----------------+-----+-----+----------+-----------+-----------+------+----------+
        |- RD_Loop_Row   |   40|   40|        10|          -|          -|     4|    no    |
        | + RD_Loop_Col  |    8|    8|         2|          -|          -|     4|    no    |
        |- WR_Loop_Row   |   40|   40|        10|          -|          -|     4|    no    |
        | + WR_Loop_Col  |    8|    8|         2|          -|          -|     4|    no    |
        +----------------+-----+-----+----------+-----------+-----------+------+----------+



================================================================
== Utilization Estimates
================================================================
* Summary: 
+-----------------+---------+-------+---------+---------+-----+
|       Name      | BRAM_18K| DSP48E|    FF   |   LUT   | URAM|
+-----------------+---------+-------+---------+---------+-----+
|DSP              |        -|      -|        -|        -|    -|
|Expression       |        -|      -|        0|      333|    -|
|FIFO             |        -|      -|        -|        -|    -|
|Instance         |        -|      4|      752|     5691|    -|
|Memory           |        3|      -|       32|        4|    -|
|Multiplexer      |        -|      -|        -|      377|    -|
|Register         |        -|      -|      381|        -|    -|
+-----------------+---------+-------+---------+---------+-----+
|Total            |        3|      4|     1165|     6405|    0|
+-----------------+---------+-------+---------+---------+-----+
|Available        |     4320|   6840|  2364480|  1182240|  960|
+-----------------+---------+-------+---------+---------+-----+
|Utilization (%)  |    ~0   |   ~0  |    ~0   |    ~0   |    0|
+-----------------+---------+-------+---------+---------+-----+

+ Detail: 
    * Instance: 
    +-------------------------+--------------+---------+-------+-----+------+
    |         Instance        |    Module    | BRAM_18K| DSP48E|  FF |  LUT |
    +-------------------------+--------------+---------+-------+-----+------+
    |grp_dct_step_fu_191      |dct_step      |        0|      0|  122|   895|
    |grp_integer_idct_fu_165  |integer_idct  |        0|      0|  120|  4220|
    |grp_quantificat_fu_186   |quantificat   |        0|      4|  510|   576|
    +-------------------------+--------------+---------+-------+-----+------+
    |Total                    |              |        0|      4|  752|  5691|
    +-------------------------+--------------+---------+-------+-----+------+

    * DSP48: 
    N/A

    * Memory: 
    +----------------+----------------------+---------+----+----+------+-----+------+-------------+
    |     Memory     |        Module        | BRAM_18K| FF | LUT| Words| Bits| Banks| W*Bits*Banks|
    +----------------+----------------------+---------+----+----+------+-----+------+-------------+
    |buf_2d_in_U     |add_watermark_bufeOg  |        0|  32|   4|    16|   16|     1|          256|
    |buf_2d_out_U    |add_watermark_bufg8j  |        1|   0|   0|    16|    8|     1|          128|
    |temp_U          |add_watermark_temp    |        1|   0|   0|    16|   16|     1|          256|
    |buf_temp_dct_U  |add_watermark_temp    |        1|   0|   0|    16|   16|     1|          256|
    +----------------+----------------------+---------+----+----+------+-----+------+-------------+
    |Total           |                      |        3|  32|   4|    64|   56|     4|          896|
    +----------------+----------------------+---------+----+----+------+-----+------+-------------+

    * FIFO: 
    N/A

    * Expression: 
    +--------------------------------+----------+-------+---+----+------------+------------+
    |          Variable Name         | Operation| DSP48E| FF| LUT| Bitwidth P0| Bitwidth P1|
    +--------------------------------+----------+-------+---+----+------------+------------+
    |buf_temp_qft_0_3_V_1_fu_376_p2  |     +    |      0|  0|  27|          20|           4|
    |buf_temp_qft_1_2_V_1_fu_364_p2  |     +    |      0|  0|  27|          20|           4|
    |buf_temp_qft_2_1_V_1_fu_370_p2  |     +    |      0|  0|  27|          20|           4|
    |buf_temp_qft_3_0_V_1_fu_358_p2  |     +    |      0|  0|  27|          20|           4|
    |c_1_fu_460_p2                   |     +    |      0|  0|  11|           3|           1|
    |c_fu_248_p2                     |     +    |      0|  0|  11|           3|           1|
    |r_2_fu_420_p2                   |     +    |      0|  0|  11|           3|           1|
    |r_fu_203_p2                     |     +    |      0|  0|  11|           3|           1|
    |tmp_4_i_fu_480_p2               |     +    |      0|  0|  12|           4|           4|
    |tmp_97_fu_268_p2                |     +    |      0|  0|  15|           6|           6|
    |tmp_98_fu_470_p2                |     +    |      0|  0|  15|           6|           6|
    |tmp_9_i_fu_254_p2               |     +    |      0|  0|  12|           4|           4|
    |exitcond1_i1_fu_414_p2          |   icmp   |      0|  0|   9|           3|           4|
    |exitcond1_i_fu_197_p2           |   icmp   |      0|  0|   9|           3|           4|
    |exitcond_i1_fu_454_p2           |   icmp   |      0|  0|   9|           3|           4|
    |exitcond_i_fu_242_p2            |   icmp   |      0|  0|   9|           3|           4|
    |tmp_fu_233_p2                   |   icmp   |      0|  0|  11|           8|           1|
    |buf_temp_qft_0_3_V_2_fu_406_p3  |  select  |      0|  0|  20|           1|          20|
    |buf_temp_qft_1_2_V_2_fu_398_p3  |  select  |      0|  0|  20|           1|          20|
    |buf_temp_qft_2_1_V_2_fu_390_p3  |  select  |      0|  0|  20|           1|          20|
    |buf_temp_qft_3_0_V_2_fu_382_p3  |  select  |      0|  0|  20|           1|          20|
    +--------------------------------+----------+-------+---+----+------------+------------+
    |Total                           |          |      0|  0| 333|         136|         137|
    +--------------------------------+----------+-------+---+----+------------+------------+

    * Multiplexer: 
    +----------------------------+----+-----------+-----+-----------+
    |            Name            | LUT| Input Size| Bits| Total Bits|
    +----------------------------+----+-----------+-----+-----------+
    |ap_NS_fsm                   |  59|         14|    1|         14|
    |buf_2d_in_address0          |  15|          3|    4|         12|
    |buf_2d_in_ce0               |  15|          3|    1|          3|
    |buf_2d_in_ce1               |   9|          2|    1|          2|
    |buf_2d_out_address0         |  15|          3|    4|         12|
    |buf_2d_out_ce0              |  15|          3|    1|          3|
    |buf_2d_out_ce1              |   9|          2|    1|          2|
    |buf_2d_out_we0              |   9|          2|    1|          2|
    |buf_2d_out_we1              |   9|          2|    1|          2|
    |buf_temp_dct_address0       |  15|          3|    4|         12|
    |buf_temp_dct_address1       |  15|          3|    4|         12|
    |buf_temp_dct_ce0            |  15|          3|    1|          3|
    |buf_temp_dct_ce1            |  15|          3|    1|          3|
    |buf_temp_dct_we0            |   9|          2|    1|          2|
    |buf_temp_dct_we1            |   9|          2|    1|          2|
    |c_i1_reg_154                |   9|          2|    3|          6|
    |c_i_reg_132                 |   9|          2|    3|          6|
    |grp_dct_step_fu_191_src_q0  |  15|          3|   16|         48|
    |grp_dct_step_fu_191_src_q1  |  15|          3|   16|         48|
    |r_i1_reg_143                |   9|          2|    3|          6|
    |r_i_reg_121                 |   9|          2|    3|          6|
    |temp_address0               |  15|          3|    4|         12|
    |temp_address1               |  15|          3|    4|         12|
    |temp_ce0                    |  15|          3|    1|          3|
    |temp_ce1                    |  15|          3|    1|          3|
    |temp_we0                    |   9|          2|    1|          2|
    |temp_we1                    |   9|          2|    1|          2|
    +----------------------------+----+-----------+-----+-----------+
    |Total                       | 377|         80|   83|        240|
    +----------------------------+----+-----------+-----+-----------+

    * Register: 
    +-----------------------------------------+----+----+-----+-----------+
    |                   Name                  | FF | LUT| Bits| Const Bits|
    +-----------------------------------------+----+----+-----+-----------+
    |ap_CS_fsm                                |  13|   0|   13|          0|
    |ap_reg_grp_dct_step_fu_191_ap_start      |   1|   0|    1|          0|
    |ap_reg_grp_integer_idct_fu_165_ap_start  |   1|   0|    1|          0|
    |ap_reg_grp_quantificat_fu_186_ap_start   |   1|   0|    1|          0|
    |buf_temp_qft_0_0_V_reg_538               |  20|   0|   20|          0|
    |buf_temp_qft_0_1_V_reg_543               |  20|   0|   20|          0|
    |buf_temp_qft_0_2_V_reg_548               |  20|   0|   20|          0|
    |buf_temp_qft_0_3_V_2_reg_613             |  20|   0|   20|          0|
    |buf_temp_qft_1_0_V_reg_553               |  20|   0|   20|          0|
    |buf_temp_qft_1_1_V_reg_558               |  20|   0|   20|          0|
    |buf_temp_qft_1_2_V_2_reg_608             |  20|   0|   20|          0|
    |buf_temp_qft_1_3_V_reg_563               |  20|   0|   20|          0|
    |buf_temp_qft_2_0_V_reg_568               |  20|   0|   20|          0|
    |buf_temp_qft_2_1_V_2_reg_603             |  20|   0|   20|          0|
    |buf_temp_qft_2_2_V_reg_573               |  20|   0|   20|          0|
    |buf_temp_qft_2_3_V_reg_578               |  20|   0|   20|          0|
    |buf_temp_qft_3_0_V_2_reg_598             |  20|   0|   20|          0|
    |buf_temp_qft_3_1_V_reg_583               |  20|   0|   20|          0|
    |buf_temp_qft_3_2_V_reg_588               |  20|   0|   20|          0|
    |buf_temp_qft_3_3_V_reg_593               |  20|   0|   20|          0|
    |c_1_reg_639                              |   3|   0|    3|          0|
    |c_i1_reg_154                             |   3|   0|    3|          0|
    |c_i_reg_132                              |   3|   0|    3|          0|
    |c_reg_523                                |   3|   0|    3|          0|
    |r_2_reg_621                              |   3|   0|    3|          0|
    |r_i1_reg_143                             |   3|   0|    3|          0|
    |r_i_reg_121                              |   3|   0|    3|          0|
    |r_reg_497                                |   3|   0|    3|          0|
    |tmp_125_cast_reg_507                     |   3|   0|    6|          3|
    |tmp_127_cast_reg_626                     |   3|   0|    6|          3|
    |tmp_1_i1_reg_631                         |   2|   0|    4|          2|
    |tmp_4_i_reg_649                          |   4|   0|    4|          0|
    |tmp_97_reg_533                           |   6|   0|    6|          0|
    |tmp_i_reg_502                            |   2|   0|    4|          2|
    |tmp_reg_512                              |   1|   0|    1|          0|
    +-----------------------------------------+----+----+-----+-----------+
    |Total                                    | 381|   0|  391|         10|
    +-----------------------------------------+----+----+-----+-----------+



================================================================
== Interface
================================================================
* Summary: 
+------------------+-----+-----+------------+---------------+--------------+
|     RTL Ports    | Dir | Bits|  Protocol  | Source Object |    C Type    |
+------------------+-----+-----+------------+---------------+--------------+
|ap_clk            |  in |    1| ap_ctrl_hs | add_watermark | return value |
|ap_rst            |  in |    1| ap_ctrl_hs | add_watermark | return value |
|ap_start          |  in |    1| ap_ctrl_hs | add_watermark | return value |
|ap_done           | out |    1| ap_ctrl_hs | add_watermark | return value |
|ap_idle           | out |    1| ap_ctrl_hs | add_watermark | return value |
|ap_ready          | out |    1| ap_ctrl_hs | add_watermark | return value |
|indata_address0   | out |    4|  ap_memory |     indata    |     array    |
|indata_ce0        | out |    1|  ap_memory |     indata    |     array    |
|indata_q0         |  in |    8|  ap_memory |     indata    |     array    |
|mark              |  in |    8|   ap_none  |      mark     |    scalar    |
|outdata_address0  | out |    4|  ap_memory |    outdata    |     array    |
|outdata_ce0       | out |    1|  ap_memory |    outdata    |     array    |
|outdata_we0       | out |    1|  ap_memory |    outdata    |     array    |
|outdata_d0        | out |    8|  ap_memory |    outdata    |     array    |
+------------------+-----+-----+------------+---------------+--------------+

