

================================================================
== Vivado HLS Report for 'dct_step'
================================================================
* Date:           Fri Jul 20 11:48:13 2018

* Version:        2017.4 (Build 2086221 on Fri Dec 15 21:13:33 MST 2017)
* Project:        dct_hls
* Solution:       solution3
* Product family: virtexuplus
* Target device:  xcvu9p-flga2104-2-i


================================================================
== Performance Estimates
================================================================
+ Timing (ns): 
    * Summary: 
    +--------+-------+----------+------------+
    |  Clock | Target| Estimated| Uncertainty|
    +--------+-------+----------+------------+
    |ap_clk  |  10.00|      2.65|        1.25|
    +--------+-------+----------+------------+

+ Latency (clock cycles): 
    * Summary: 
    +-----+-----+-----+-----+---------+
    |  Latency  |  Interval | Pipeline|
    | min | max | min | max |   Type  |
    +-----+-----+-----+-----+---------+
    |    9|    9|    9|    9|   none  |
    +-----+-----+-----+-----+---------+

    + Detail: 
        * Instance: 
        N/A

        * Loop: 
        N/A



================================================================
== Utilization Estimates
================================================================
* Summary: 
+-----------------+---------+-------+---------+---------+-----+
|       Name      | BRAM_18K| DSP48E|    FF   |   LUT   | URAM|
+-----------------+---------+-------+---------+---------+-----+
|DSP              |        -|      -|        -|        -|    -|
|Expression       |        -|      -|        0|      610|    -|
|FIFO             |        -|      -|        -|        -|    -|
|Instance         |        -|      -|        -|        -|    -|
|Memory           |        -|      -|        -|        -|    -|
|Multiplexer      |        -|      -|        -|      285|    -|
|Register         |        -|      -|      122|        -|    -|
+-----------------+---------+-------+---------+---------+-----+
|Total            |        0|      0|      122|      895|    0|
+-----------------+---------+-------+---------+---------+-----+
|Available        |     4320|   6840|  2364480|  1182240|  960|
+-----------------+---------+-------+---------+---------+-----+
|Utilization (%)  |        0|      0|    ~0   |    ~0   |    0|
+-----------------+---------+-------+---------+---------+-----+

+ Detail: 
    * Instance: 
    N/A

    * DSP48: 
    N/A

    * Memory: 
    N/A

    * FIFO: 
    N/A

    * Expression: 
    +------------------+----------+-------+---+----+------------+------------+
    |   Variable Name  | Operation| DSP48E| FF| LUT| Bitwidth P0| Bitwidth P1|
    +------------------+----------+-------+---+----+------------+------------+
    |grp_fu_340_p2     |     +    |      0|  0|  23|          16|          16|
    |grp_fu_354_p2     |     +    |      0|  0|  19|          16|          16|
    |grp_fu_360_p2     |     +    |      0|  0|  19|          16|          16|
    |grp_fu_379_p2     |     +    |      0|  0|  19|          16|          16|
    |tmp_56_fu_402_p2  |     +    |      0|  0|  23|          16|          16|
    |tmp_59_fu_463_p2  |     +    |      0|  0|  23|          16|          16|
    |tmp_62_fu_524_p2  |     +    |      0|  0|  23|          16|          16|
    |tmp_65_fu_585_p2  |     +    |      0|  0|  23|          16|          16|
    |tmp_81_fu_439_p2  |     +    |      0|  0|  19|          16|          16|
    |tmp_84_fu_500_p2  |     +    |      0|  0|  19|          16|          16|
    |tmp_87_fu_561_p2  |     +    |      0|  0|  19|          16|          16|
    |tmp_92_fu_622_p2  |     +    |      0|  0|  19|          16|          16|
    |grp_fu_367_p2     |     -    |      0|  0|  23|          16|          16|
    |grp_fu_373_p2     |     -    |      0|  0|  19|          16|          16|
    |tmp_57_fu_408_p2  |     -    |      0|  0|  19|          16|          16|
    |tmp_58_fu_414_p2  |     -    |      0|  0|  19|          16|          16|
    |tmp_60_fu_469_p2  |     -    |      0|  0|  19|          16|          16|
    |tmp_61_fu_475_p2  |     -    |      0|  0|  19|          16|          16|
    |tmp_63_fu_530_p2  |     -    |      0|  0|  19|          16|          16|
    |tmp_64_fu_536_p2  |     -    |      0|  0|  19|          16|          16|
    |tmp_66_fu_591_p2  |     -    |      0|  0|  19|          16|          16|
    |tmp_67_fu_597_p2  |     -    |      0|  0|  19|          16|          16|
    |tmp_80_fu_433_p2  |     -    |      0|  0|  23|          16|          16|
    |tmp_82_fu_445_p2  |     -    |      0|  0|  19|          16|          16|
    |tmp_83_fu_494_p2  |     -    |      0|  0|  23|          16|          16|
    |tmp_85_fu_506_p2  |     -    |      0|  0|  19|          16|          16|
    |tmp_86_fu_555_p2  |     -    |      0|  0|  23|          16|          16|
    |tmp_90_fu_567_p2  |     -    |      0|  0|  19|          16|          16|
    |tmp_91_fu_616_p2  |     -    |      0|  0|  23|          16|          16|
    |tmp_95_fu_628_p2  |     -    |      0|  0|  19|          16|          16|
    +------------------+----------+-------+---+----+------------+------------+
    |Total             |          |      0|  0| 610|         480|         480|
    +------------------+----------+-------+---+----+------------+------------+

    * Multiplexer: 
    +--------------+----+-----------+-----+-----------+
    |     Name     | LUT| Input Size| Bits| Total Bits|
    +--------------+----+-----------+-----+-----------+
    |ap_NS_fsm     |  50|         11|    1|         11|
    |dst_address0  |  44|          9|    4|         36|
    |dst_address1  |  44|          9|    4|         36|
    |dst_d0        |  15|          3|   16|         48|
    |dst_d1        |  44|          9|   16|        144|
    |src_address0  |  44|          9|    4|         36|
    |src_address1  |  44|          9|    4|         36|
    +--------------+----+-----------+-----+-----------+
    |Total         | 285|         59|   49|        347|
    +--------------+----+-----------+-----+-----------+

    * Register: 
    +----------------+----+----+-----+-----------+
    |      Name      | FF | LUT| Bits| Const Bits|
    +----------------+----+----+-----+-----------+
    |ap_CS_fsm       |  10|   0|   10|          0|
    |reg_346         |  16|   0|   16|          0|
    |reg_350         |  16|   0|   16|          0|
    |reg_385         |  16|   0|   16|          0|
    |tmp_82_reg_664  |  16|   0|   16|          0|
    |tmp_85_reg_689  |  16|   0|   16|          0|
    |tmp_90_reg_714  |  16|   0|   16|          0|
    |tmp_95_reg_729  |  16|   0|   16|          0|
    +----------------+----+----+-----+-----------+
    |Total           | 122|   0|  122|          0|
    +----------------+----+----+-----+-----------+



================================================================
== Interface
================================================================
* Summary: 
+--------------+-----+-----+------------+--------------+--------------+
|   RTL Ports  | Dir | Bits|  Protocol  | Source Object|    C Type    |
+--------------+-----+-----+------------+--------------+--------------+
|ap_clk        |  in |    1| ap_ctrl_hs |   dct_step   | return value |
|ap_rst        |  in |    1| ap_ctrl_hs |   dct_step   | return value |
|ap_start      |  in |    1| ap_ctrl_hs |   dct_step   | return value |
|ap_done       | out |    1| ap_ctrl_hs |   dct_step   | return value |
|ap_idle       | out |    1| ap_ctrl_hs |   dct_step   | return value |
|ap_ready      | out |    1| ap_ctrl_hs |   dct_step   | return value |
|src_address0  | out |    4|  ap_memory |      src     |     array    |
|src_ce0       | out |    1|  ap_memory |      src     |     array    |
|src_q0        |  in |   16|  ap_memory |      src     |     array    |
|src_address1  | out |    4|  ap_memory |      src     |     array    |
|src_ce1       | out |    1|  ap_memory |      src     |     array    |
|src_q1        |  in |   16|  ap_memory |      src     |     array    |
|dst_address0  | out |    4|  ap_memory |      dst     |     array    |
|dst_ce0       | out |    1|  ap_memory |      dst     |     array    |
|dst_we0       | out |    1|  ap_memory |      dst     |     array    |
|dst_d0        | out |   16|  ap_memory |      dst     |     array    |
|dst_address1  | out |    4|  ap_memory |      dst     |     array    |
|dst_ce1       | out |    1|  ap_memory |      dst     |     array    |
|dst_we1       | out |    1|  ap_memory |      dst     |     array    |
|dst_d1        | out |   16|  ap_memory |      dst     |     array    |
+--------------+-----+-----+------------+--------------+--------------+

